[-10]
[-2.5]
[-2.11]
[-2]
[-0.5]
[-0]
[0]
[0.5]
[2]
[2.11]
[2.5]
[10]
