[BLAH v1;]
[BLAH v2;]
[BLAH v3;]
[BLAH v6;]
[BLAH v10;]
[BLAH v13;]
[BLAH v15;]
